0
4
[ 2 ] [ 0 ] [ 0 ] [ 0 ] 
[ 2 ] [ 0 ] [ 0 ] [ 0 ] 
[ 2 ] [ 0 ] [ 0 ] [ 0 ] 
[ 2 ] [ 0 ] [ 0 ] [ 0 ] 
Score: 0
[ 0 ] [ 0 ] [ 0 ] [ 4 ] 
[ 0 ] [ 0 ] [ 0 ] [ 4 ] 
[ 0 ] [ 0 ] [ 0 ] [ 4 ] 
[ 0 ] [ 0 ] [ 0 ] [ 4 ] 
Score: 16
[ 4 ] [ 0 ] [ 0 ] [ 0 ] 
[ 4 ] [ 0 ] [ 0 ] [ 0 ] 
[ 4 ] [ 2 ] [ 0 ] [ 0 ] 
[ 4 ] [ 2 ] [ 0 ] [ 0 ] 
Score: 16
[ 4 ] [ 4 ] [ 4 ] [ 4 ] 
[ 2 ] [ 2 ] [ 4 ] [ 4 ] 
[ 0 ] [ 0 ] [ 0 ] [ 0 ] 
[ 0 ] [ 0 ] [ 0 ] [ 0 ] 
Score: 16
[ 0 ] [ 0 ] [ 0 ] [ 0 ] 
[ 0 ] [ 0 ] [ 0 ] [ 0 ] 
[ 4 ] [ 4 ] [ 4 ] [ 4 ] 
[ 4 ] [ 4 ] [ 4 ] [ 4 ] 
Score: 16
[ 4 ] [ 4 ] [ 0 ] [ 0 ] 
[ 4 ] [ 4 ] [ 0 ] [ 0 ] 
[ 4 ] [ 2 ] [ 0 ] [ 0 ] 
[ 4 ] [ 2 ] [ 0 ] [ 0 ] 
Score: 8
[ 0 ] [ 0 ] [ 2 ] [ 4 ] 
[ 0 ] [ 0 ] [ 2 ] [ 4 ] 
[ 0 ] [ 0 ] [ 2 ] [ 4 ] 
[ 0 ] [ 0 ] [ 4 ] [ 2 ] 
Score: 0
[ 2 ] [ 2 ] [ 4 ] [ 2 ] 
[ 4 ] [ 4 ] [ 2 ] [ 4 ] 
[ 0 ] [ 0 ] [ 0 ] [ 0 ] 
[ 0 ] [ 0 ] [ 0 ] [ 0 ] 
Score: 0
[ 0 ] [ 0 ] [ 0 ] [ 0 ] 
[ 0 ] [ 0 ] [ 2 ] [ 0 ] 
[ 4 ] [ 4 ] [ 4 ] [ 2 ] 
[ 2 ] [ 2 ] [ 8 ] [ 16 ] 
Score: 16
[ 8 ] [ 2 ] [ 4 ] [ 0 ] 
[ 8 ] [ 2 ] [ 4 ] [ 0 ] 
[ 8 ] [ 4 ] [ 2 ] [ 0 ] 
[ 8 ] [ 2 ] [ 4 ] [ 0 ] 
Score: 0
[ 0 ] [ 0 ] [ 0 ] [ 0 ] 
[ 0 ] [ 0 ] [ 0 ] [ 0 ] 
[ 0 ] [ 0 ] [ 0 ] [ 0 ] 
[ 16 ] [ 8 ] [ 4 ] [ 2 ] 
Score: 0
