True
True
False
True
[ 0 ] [ 2 ] [ 0 ] [ 2 ] 
[ 0 ] [ 0 ] [ 0 ] [ 0 ] 
[ 0 ] [ 0 ] [ 0 ] [ 0 ] 
[ 0 ] [ 0 ] [ 0 ] [ 0 ] 
Pontuacao: 0
Introduza uma jogada (N, S, E, W): W
True
True
False
[ 4 ] [ 0 ] [ 0 ] [ 2 ] 
[ 0 ] [ 0 ] [ 0 ] [ 0 ] 
[ 0 ] [ 0 ] [ 0 ] [ 0 ] 
[ 0 ] [ 0 ] [ 0 ] [ 0 ] 
Pontuacao: 4
Introduza uma jogada (N, S, E, W): S
[ 0 ] [ 0 ] [ 0 ] [ 2 ] 
[ 0 ] [ 0 ] [ 0 ] [ 0 ] 
[ 0 ] [ 0 ] [ 0 ] [ 0 ] 
[ 4 ] [ 0 ] [ 0 ] [ 2 ] 
Pontuacao: 4
True
False
