[ 0 ] [ 0 ] [ 0 ] [ 0 ] 
[ 0 ] [ 0 ] [ 0 ] [ 0 ] 
[ 0 ] [ 0 ] [ 0 ] [ 0 ] 
[ 0 ] [ 0 ] [ 0 ] [ 0 ] 
Pontuacao: 0
[ 0 ] [ 2 ] [ 0 ] [ 0 ] 
[ 0 ] [ 0 ] [ 0 ] [ 0 ] 
[ 0 ] [ 0 ] [ 0 ] [ 0 ] 
[ 0 ] [ 0 ] [ 0 ] [ 0 ] 
Pontuacao: 0
[ 0 ] [ 2 ] [ 0 ] [ 0 ] 
[ 0 ] [ 0 ] [ 4 ] [ 0 ] 
[ 0 ] [ 0 ] [ 0 ] [ 0 ] 
[ 0 ] [ 0 ] [ 0 ] [ 0 ] 
Pontuacao: 48
[ 0 ] [ 2 ] [ 0 ] [ 0 ] 
[ 0 ] [ 8 ] [ 4 ] [ 0 ] 
[ 0 ] [ 0 ] [ 0 ] [ 0 ] 
[ 0 ] [ 0 ] [ 0 ] [ 0 ] 
Pontuacao: 48
[ 0 ] [ 2 ] [ 0 ] [ 0 ] 
[ 0 ] [ 8 ] [ 4 ] [ 0 ] 
[ 0 ] [ 0 ] [ 2048 ] [ 0 ] 
[ 0 ] [ 0 ] [ 0 ] [ 0 ] 
Pontuacao: 2096
[ 256 ] [ 2 ] [ 0 ] [ 0 ] 
[ 0 ] [ 8 ] [ 4 ] [ 0 ] 
[ 0 ] [ 0 ] [ 2048 ] [ 0 ] 
[ 0 ] [ 0 ] [ 0 ] [ 0 ] 
Pontuacao: 2096
[ 0 ] [ 2 ] [ 0 ] [ 2 ] 
[ 0 ] [ 0 ] [ 0 ] [ 0 ] 
[ 0 ] [ 0 ] [ 0 ] [ 0 ] 
[ 0 ] [ 0 ] [ 0 ] [ 0 ] 
Pontuacao: 0
Introduza uma jogada (N, S, E, W): S
[ 0 ] [ 0 ] [ 0 ] [ 2 ] 
[ 0 ] [ 0 ] [ 0 ] [ 0 ] 
[ 0 ] [ 0 ] [ 0 ] [ 0 ] 
[ 0 ] [ 2 ] [ 0 ] [ 2 ] 
Pontuacao: 0
