[ 0 ] [ 2 ] [ 0 ] [ 2 ] 
[ 0 ] [ 0 ] [ 0 ] [ 0 ] 
[ 0 ] [ 0 ] [ 0 ] [ 0 ] 
[ 0 ] [ 0 ] [ 0 ] [ 0 ] 
Score: 0
Pick a move (N, S, E, W): W
[ 4 ] [ 0 ] [ 0 ] [ 0 ] 
[ 2 ] [ 0 ] [ 0 ] [ 0 ] 
[ 0 ] [ 0 ] [ 0 ] [ 0 ] 
[ 0 ] [ 0 ] [ 0 ] [ 0 ] 
Score: 4
Pick a move (N, S, E, W): W
[ 4 ] [ 0 ] [ 0 ] [ 0 ] 
[ 2 ] [ 0 ] [ 0 ] [ 0 ] 
[ 0 ] [ 0 ] [ 0 ] [ 0 ] 
[ 0 ] [ 0 ] [ 0 ] [ 0 ] 
Score: 4
Pick a move (N, S, E, W): N
[ 4 ] [ 0 ] [ 0 ] [ 0 ] 
[ 2 ] [ 0 ] [ 0 ] [ 0 ] 
[ 0 ] [ 0 ] [ 0 ] [ 0 ] 
[ 0 ] [ 0 ] [ 0 ] [ 0 ] 
Score: 4
Pick a move (N, S, E, W): S
[ 0 ] [ 0 ] [ 0 ] [ 0 ] 
[ 2 ] [ 0 ] [ 0 ] [ 0 ] 
[ 4 ] [ 0 ] [ 0 ] [ 0 ] 
[ 2 ] [ 0 ] [ 0 ] [ 0 ] 
Score: 4
Pick a move (N, S, E, W): E
[ 0 ] [ 0 ] [ 0 ] [ 0 ] 
[ 0 ] [ 2 ] [ 0 ] [ 2 ] 
[ 0 ] [ 0 ] [ 0 ] [ 4 ] 
[ 0 ] [ 0 ] [ 0 ] [ 2 ] 
Score: 4
Pick a move (N, S, E, W): E
[ 0 ] [ 0 ] [ 0 ] [ 0 ] 
[ 0 ] [ 0 ] [ 2 ] [ 4 ] 
[ 0 ] [ 0 ] [ 0 ] [ 4 ] 
[ 0 ] [ 0 ] [ 0 ] [ 2 ] 
Score: 8
Pick a move (N, S, E, W): W
[ 0 ] [ 0 ] [ 0 ] [ 0 ] 
[ 2 ] [ 4 ] [ 0 ] [ 0 ] 
[ 4 ] [ 0 ] [ 2 ] [ 0 ] 
[ 2 ] [ 0 ] [ 0 ] [ 0 ] 
Score: 8
Pick a move (N, S, E, W): S
[ 0 ] [ 0 ] [ 0 ] [ 0 ] 
[ 2 ] [ 0 ] [ 0 ] [ 0 ] 
[ 4 ] [ 0 ] [ 2 ] [ 0 ] 
[ 2 ] [ 4 ] [ 2 ] [ 0 ] 
Score: 8
Pick a move (N, S, E, W): N
[ 2 ] [ 4 ] [ 4 ] [ 0 ] 
[ 4 ] [ 0 ] [ 0 ] [ 0 ] 
[ 2 ] [ 0 ] [ 0 ] [ 0 ] 
[ 0 ] [ 0 ] [ 4 ] [ 0 ] 
Score: 12
Pick a move (N, S, E, W): N
[ 2 ] [ 4 ] [ 8 ] [ 0 ] 
[ 4 ] [ 0 ] [ 0 ] [ 0 ] 
[ 2 ] [ 0 ] [ 0 ] [ 0 ] 
[ 0 ] [ 0 ] [ 0 ] [ 4 ] 
Score: 20
Pick a move (N, S, E, W): W
[ 2 ] [ 4 ] [ 8 ] [ 2 ] 
[ 4 ] [ 0 ] [ 0 ] [ 0 ] 
[ 2 ] [ 0 ] [ 0 ] [ 0 ] 
[ 4 ] [ 0 ] [ 0 ] [ 0 ] 
Score: 20
Pick a move (N, S, E, W): W
[ 2 ] [ 4 ] [ 8 ] [ 2 ] 
[ 4 ] [ 0 ] [ 0 ] [ 0 ] 
[ 2 ] [ 0 ] [ 0 ] [ 0 ] 
[ 4 ] [ 0 ] [ 0 ] [ 0 ] 
Score: 20
Pick a move (N, S, E, W): N
[ 2 ] [ 4 ] [ 8 ] [ 2 ] 
[ 4 ] [ 0 ] [ 0 ] [ 0 ] 
[ 2 ] [ 0 ] [ 0 ] [ 0 ] 
[ 4 ] [ 0 ] [ 0 ] [ 0 ] 
Score: 20
Pick a move (N, S, E, W): S
[ 2 ] [ 0 ] [ 2 ] [ 0 ] 
[ 4 ] [ 0 ] [ 0 ] [ 0 ] 
[ 2 ] [ 0 ] [ 0 ] [ 0 ] 
[ 4 ] [ 4 ] [ 8 ] [ 2 ] 
Score: 20
Pick a move (N, S, E, W): E
[ 0 ] [ 0 ] [ 2 ] [ 4 ] 
[ 0 ] [ 0 ] [ 0 ] [ 4 ] 
[ 0 ] [ 0 ] [ 0 ] [ 2 ] 
[ 0 ] [ 8 ] [ 8 ] [ 2 ] 
Score: 32
Pick a move (N, S, E, W): E
[ 0 ] [ 0 ] [ 2 ] [ 4 ] 
[ 0 ] [ 2 ] [ 0 ] [ 4 ] 
[ 0 ] [ 0 ] [ 0 ] [ 2 ] 
[ 0 ] [ 0 ] [ 16 ] [ 2 ] 
Score: 48
Pick a move (N, S, E, W): W
[ 2 ] [ 4 ] [ 0 ] [ 0 ] 
[ 2 ] [ 4 ] [ 0 ] [ 0 ] 
[ 2 ] [ 2 ] [ 0 ] [ 0 ] 
[ 16 ] [ 2 ] [ 0 ] [ 0 ] 
Score: 48
Pick a move (N, S, E, W): S
[ 0 ] [ 0 ] [ 0 ] [ 0 ] 
[ 2 ] [ 0 ] [ 2 ] [ 0 ] 
[ 4 ] [ 8 ] [ 0 ] [ 0 ] 
[ 16 ] [ 4 ] [ 0 ] [ 0 ] 
Score: 64
Pick a move (N, S, E, W): N
[ 2 ] [ 8 ] [ 2 ] [ 0 ] 
[ 4 ] [ 4 ] [ 0 ] [ 0 ] 
[ 16 ] [ 0 ] [ 0 ] [ 0 ] 
[ 2 ] [ 0 ] [ 0 ] [ 0 ] 
Score: 64
Pick a move (N, S, E, W): N
[ 2 ] [ 8 ] [ 2 ] [ 0 ] 
[ 4 ] [ 4 ] [ 0 ] [ 0 ] 
[ 16 ] [ 0 ] [ 0 ] [ 0 ] 
[ 2 ] [ 0 ] [ 0 ] [ 0 ] 
Score: 64
Pick a move (N, S, E, W): W
[ 2 ] [ 8 ] [ 2 ] [ 0 ] 
[ 8 ] [ 0 ] [ 0 ] [ 0 ] 
[ 16 ] [ 0 ] [ 0 ] [ 0 ] 
[ 2 ] [ 2 ] [ 0 ] [ 0 ] 
Score: 72
Pick a move (N, S, E, W): W
[ 2 ] [ 8 ] [ 2 ] [ 0 ] 
[ 8 ] [ 0 ] [ 0 ] [ 0 ] 
[ 16 ] [ 0 ] [ 0 ] [ 0 ] 
[ 4 ] [ 0 ] [ 2 ] [ 0 ] 
Score: 76
Pick a move (N, S, E, W): N
[ 2 ] [ 8 ] [ 4 ] [ 0 ] 
[ 8 ] [ 0 ] [ 0 ] [ 0 ] 
[ 16 ] [ 0 ] [ 0 ] [ 0 ] 
[ 4 ] [ 0 ] [ 0 ] [ 4 ] 
Score: 80
Pick a move (N, S, E, W): S
[ 2 ] [ 4 ] [ 0 ] [ 0 ] 
[ 8 ] [ 0 ] [ 0 ] [ 0 ] 
[ 16 ] [ 0 ] [ 0 ] [ 0 ] 
[ 4 ] [ 8 ] [ 4 ] [ 4 ] 
Score: 80
Pick a move (N, S, E, W): E
[ 0 ] [ 2 ] [ 2 ] [ 4 ] 
[ 0 ] [ 0 ] [ 0 ] [ 8 ] 
[ 0 ] [ 0 ] [ 0 ] [ 16 ] 
[ 0 ] [ 4 ] [ 8 ] [ 8 ] 
Score: 88
Pick a move (N, S, E, W): E
[ 0 ] [ 0 ] [ 4 ] [ 4 ] 
[ 2 ] [ 0 ] [ 0 ] [ 8 ] 
[ 0 ] [ 0 ] [ 0 ] [ 16 ] 
[ 0 ] [ 0 ] [ 4 ] [ 16 ] 
Score: 108
Pick a move (N, S, E, W): W
[ 8 ] [ 0 ] [ 0 ] [ 0 ] 
[ 2 ] [ 8 ] [ 2 ] [ 0 ] 
[ 16 ] [ 0 ] [ 0 ] [ 0 ] 
[ 4 ] [ 16 ] [ 0 ] [ 0 ] 
Score: 116
Pick a move (N, S, E, W): S
[ 8 ] [ 0 ] [ 0 ] [ 0 ] 
[ 2 ] [ 0 ] [ 2 ] [ 0 ] 
[ 16 ] [ 8 ] [ 0 ] [ 0 ] 
[ 4 ] [ 16 ] [ 2 ] [ 0 ] 
Score: 116
Pick a move (N, S, E, W): N
[ 8 ] [ 8 ] [ 4 ] [ 0 ] 
[ 2 ] [ 16 ] [ 0 ] [ 0 ] 
[ 16 ] [ 0 ] [ 0 ] [ 2 ] 
[ 4 ] [ 0 ] [ 0 ] [ 0 ] 
Score: 120
Pick a move (N, S, E, W): N
[ 8 ] [ 8 ] [ 4 ] [ 2 ] 
[ 2 ] [ 16 ] [ 0 ] [ 0 ] 
[ 16 ] [ 0 ] [ 0 ] [ 0 ] 
[ 4 ] [ 0 ] [ 2 ] [ 0 ] 
Score: 120
Pick a move (N, S, E, W): W
[ 16 ] [ 4 ] [ 2 ] [ 0 ] 
[ 2 ] [ 16 ] [ 0 ] [ 0 ] 
[ 16 ] [ 0 ] [ 0 ] [ 0 ] 
[ 4 ] [ 2 ] [ 0 ] [ 2 ] 
Score: 136
Pick a move (N, S, E, W): W
[ 16 ] [ 4 ] [ 2 ] [ 2 ] 
[ 2 ] [ 16 ] [ 0 ] [ 0 ] 
[ 16 ] [ 0 ] [ 0 ] [ 0 ] 
[ 4 ] [ 4 ] [ 0 ] [ 0 ] 
Score: 140
Pick a move (N, S, E, W): N
[ 16 ] [ 4 ] [ 2 ] [ 2 ] 
[ 2 ] [ 16 ] [ 0 ] [ 2 ] 
[ 16 ] [ 4 ] [ 0 ] [ 0 ] 
[ 4 ] [ 0 ] [ 0 ] [ 0 ] 
Score: 140
Pick a move (N, S, E, W): S
[ 16 ] [ 0 ] [ 0 ] [ 4 ] 
[ 2 ] [ 4 ] [ 0 ] [ 0 ] 
[ 16 ] [ 16 ] [ 0 ] [ 0 ] 
[ 4 ] [ 4 ] [ 2 ] [ 4 ] 
Score: 144
Pick a move (N, S, E, W): E
[ 0 ] [ 0 ] [ 16 ] [ 4 ] 
[ 0 ] [ 4 ] [ 2 ] [ 4 ] 
[ 0 ] [ 0 ] [ 0 ] [ 32 ] 
[ 0 ] [ 8 ] [ 2 ] [ 4 ] 
Score: 184
Pick a move (N, S, E, W): E
[ 0 ] [ 0 ] [ 16 ] [ 4 ] 
[ 0 ] [ 4 ] [ 2 ] [ 4 ] 
[ 0 ] [ 0 ] [ 0 ] [ 32 ] 
[ 0 ] [ 8 ] [ 2 ] [ 4 ] 
Score: 184
Pick a move (N, S, E, W): W
[ 16 ] [ 4 ] [ 0 ] [ 0 ] 
[ 4 ] [ 2 ] [ 4 ] [ 0 ] 
[ 32 ] [ 0 ] [ 2 ] [ 0 ] 
[ 8 ] [ 2 ] [ 4 ] [ 0 ] 
Score: 184
Pick a move (N, S, E, W): S
[ 16 ] [ 0 ] [ 0 ] [ 0 ] 
[ 4 ] [ 0 ] [ 4 ] [ 0 ] 
[ 32 ] [ 4 ] [ 2 ] [ 2 ] 
[ 8 ] [ 4 ] [ 4 ] [ 0 ] 
Score: 188
Pick a move (N, S, E, W): N
[ 16 ] [ 8 ] [ 4 ] [ 2 ] 
[ 4 ] [ 0 ] [ 2 ] [ 0 ] 
[ 32 ] [ 0 ] [ 4 ] [ 0 ] 
[ 8 ] [ 0 ] [ 0 ] [ 2 ] 
Score: 196
Pick a move (N, S, E, W): N
[ 16 ] [ 8 ] [ 4 ] [ 4 ] 
[ 4 ] [ 2 ] [ 2 ] [ 0 ] 
[ 32 ] [ 0 ] [ 4 ] [ 0 ] 
[ 8 ] [ 0 ] [ 0 ] [ 0 ] 
Score: 200
Pick a move (N, S, E, W): W
[ 16 ] [ 8 ] [ 8 ] [ 0 ] 
[ 4 ] [ 4 ] [ 2 ] [ 0 ] 
[ 32 ] [ 4 ] [ 0 ] [ 0 ] 
[ 8 ] [ 0 ] [ 0 ] [ 0 ] 
Score: 212
Pick a move (N, S, E, W): W
[ 16 ] [ 16 ] [ 0 ] [ 0 ] 
[ 8 ] [ 2 ] [ 2 ] [ 0 ] 
[ 32 ] [ 4 ] [ 0 ] [ 0 ] 
[ 8 ] [ 0 ] [ 0 ] [ 0 ] 
Score: 236
Pick a move (N, S, E, W): N
[ 16 ] [ 16 ] [ 2 ] [ 0 ] 
[ 8 ] [ 2 ] [ 0 ] [ 0 ] 
[ 32 ] [ 4 ] [ 2 ] [ 0 ] 
[ 8 ] [ 0 ] [ 0 ] [ 0 ] 
Score: 236
Pick a move (N, S, E, W): S
[ 16 ] [ 0 ] [ 0 ] [ 0 ] 
[ 8 ] [ 16 ] [ 0 ] [ 2 ] 
[ 32 ] [ 2 ] [ 0 ] [ 0 ] 
[ 8 ] [ 4 ] [ 4 ] [ 0 ] 
Score: 240
Pick a move (N, S, E, W): E
[ 0 ] [ 0 ] [ 0 ] [ 16 ] 
[ 0 ] [ 8 ] [ 16 ] [ 2 ] 
[ 0 ] [ 2 ] [ 32 ] [ 2 ] 
[ 0 ] [ 0 ] [ 8 ] [ 8 ] 
Score: 248
Pick a move (N, S, E, W): E
[ 0 ] [ 0 ] [ 0 ] [ 16 ] 
[ 0 ] [ 8 ] [ 16 ] [ 2 ] 
[ 0 ] [ 2 ] [ 32 ] [ 2 ] 
[ 0 ] [ 4 ] [ 0 ] [ 16 ] 
Score: 264
Pick a move (N, S, E, W): W
[ 16 ] [ 4 ] [ 0 ] [ 0 ] 
[ 8 ] [ 16 ] [ 2 ] [ 0 ] 
[ 2 ] [ 32 ] [ 2 ] [ 0 ] 
[ 4 ] [ 16 ] [ 0 ] [ 0 ] 
Score: 264
Pick a move (N, S, E, W): S
[ 16 ] [ 4 ] [ 0 ] [ 2 ] 
[ 8 ] [ 16 ] [ 0 ] [ 0 ] 
[ 2 ] [ 32 ] [ 0 ] [ 0 ] 
[ 4 ] [ 16 ] [ 4 ] [ 0 ] 
Score: 268
Pick a move (N, S, E, W): N
[ 16 ] [ 4 ] [ 4 ] [ 2 ] 
[ 8 ] [ 16 ] [ 0 ] [ 0 ] 
[ 2 ] [ 32 ] [ 2 ] [ 0 ] 
[ 4 ] [ 16 ] [ 0 ] [ 0 ] 
Score: 268
Pick a move (N, S, E, W): N
[ 16 ] [ 4 ] [ 4 ] [ 2 ] 
[ 8 ] [ 16 ] [ 2 ] [ 0 ] 
[ 2 ] [ 32 ] [ 0 ] [ 0 ] 
[ 4 ] [ 16 ] [ 2 ] [ 0 ] 
Score: 268
Pick a move (N, S, E, W): W
[ 16 ] [ 8 ] [ 2 ] [ 0 ] 
[ 8 ] [ 16 ] [ 2 ] [ 0 ] 
[ 2 ] [ 32 ] [ 0 ] [ 0 ] 
[ 4 ] [ 16 ] [ 2 ] [ 2 ] 
Score: 276
Pick a move (N, S, E, W): W
[ 16 ] [ 8 ] [ 2 ] [ 2 ] 
[ 8 ] [ 16 ] [ 2 ] [ 0 ] 
[ 2 ] [ 32 ] [ 0 ] [ 0 ] 
[ 4 ] [ 16 ] [ 4 ] [ 0 ] 
Score: 280
Pick a move (N, S, E, W): N
[ 16 ] [ 8 ] [ 4 ] [ 2 ] 
[ 8 ] [ 16 ] [ 4 ] [ 0 ] 
[ 2 ] [ 32 ] [ 2 ] [ 0 ] 
[ 4 ] [ 16 ] [ 0 ] [ 0 ] 
Score: 284
Pick a move (N, S, E, W): S
[ 16 ] [ 8 ] [ 0 ] [ 0 ] 
[ 8 ] [ 16 ] [ 2 ] [ 0 ] 
[ 2 ] [ 32 ] [ 8 ] [ 0 ] 
[ 4 ] [ 16 ] [ 2 ] [ 2 ] 
Score: 292
Pick a move (N, S, E, W): E
[ 0 ] [ 0 ] [ 16 ] [ 8 ] 
[ 0 ] [ 8 ] [ 16 ] [ 2 ] 
[ 2 ] [ 2 ] [ 32 ] [ 8 ] 
[ 0 ] [ 4 ] [ 16 ] [ 4 ] 
Score: 296
Pick a move (N, S, E, W): E
[ 0 ] [ 0 ] [ 16 ] [ 8 ] 
[ 0 ] [ 8 ] [ 16 ] [ 2 ] 
[ 0 ] [ 4 ] [ 32 ] [ 8 ] 
[ 2 ] [ 4 ] [ 16 ] [ 4 ] 
Score: 300
Pick a move (N, S, E, W): W
[ 16 ] [ 8 ] [ 4 ] [ 0 ] 
[ 8 ] [ 16 ] [ 2 ] [ 0 ] 
[ 4 ] [ 32 ] [ 8 ] [ 0 ] 
[ 2 ] [ 4 ] [ 16 ] [ 4 ] 
Score: 300
Pick a move (N, S, E, W): S
[ 16 ] [ 8 ] [ 4 ] [ 0 ] 
[ 8 ] [ 16 ] [ 2 ] [ 0 ] 
[ 4 ] [ 32 ] [ 8 ] [ 0 ] 
[ 2 ] [ 4 ] [ 16 ] [ 4 ] 
Score: 300
Pick a move (N, S, E, W): N
[ 16 ] [ 8 ] [ 4 ] [ 4 ] 
[ 8 ] [ 16 ] [ 2 ] [ 0 ] 
[ 4 ] [ 32 ] [ 8 ] [ 4 ] 
[ 2 ] [ 4 ] [ 16 ] [ 0 ] 
Score: 300
Pick a move (N, S, E, W): N
[ 16 ] [ 8 ] [ 4 ] [ 8 ] 
[ 8 ] [ 16 ] [ 2 ] [ 0 ] 
[ 4 ] [ 32 ] [ 8 ] [ 0 ] 
[ 2 ] [ 4 ] [ 16 ] [ 2 ] 
Score: 308
Pick a move (N, S, E, W): W
[ 16 ] [ 8 ] [ 4 ] [ 8 ] 
[ 8 ] [ 16 ] [ 2 ] [ 0 ] 
[ 4 ] [ 32 ] [ 8 ] [ 0 ] 
[ 2 ] [ 4 ] [ 16 ] [ 2 ] 
Score: 308
Pick a move (N, S, E, W): W
[ 16 ] [ 8 ] [ 4 ] [ 8 ] 
[ 8 ] [ 16 ] [ 2 ] [ 0 ] 
[ 4 ] [ 32 ] [ 8 ] [ 0 ] 
[ 2 ] [ 4 ] [ 16 ] [ 2 ] 
Score: 308
Pick a move (N, S, E, W): N
[ 16 ] [ 8 ] [ 4 ] [ 8 ] 
[ 8 ] [ 16 ] [ 2 ] [ 2 ] 
[ 4 ] [ 32 ] [ 8 ] [ 2 ] 
[ 2 ] [ 4 ] [ 16 ] [ 0 ] 
Score: 308
Pick a move (N, S, E, W): S
[ 16 ] [ 8 ] [ 4 ] [ 0 ] 
[ 8 ] [ 16 ] [ 2 ] [ 2 ] 
[ 4 ] [ 32 ] [ 8 ] [ 8 ] 
[ 2 ] [ 4 ] [ 16 ] [ 4 ] 
Score: 312
Pick a move (N, S, E, W): E
[ 0 ] [ 16 ] [ 8 ] [ 4 ] 
[ 0 ] [ 8 ] [ 16 ] [ 4 ] 
[ 2 ] [ 4 ] [ 32 ] [ 16 ] 
[ 2 ] [ 4 ] [ 16 ] [ 4 ] 
Score: 332
Pick a move (N, S, E, W): E
[ 0 ] [ 16 ] [ 8 ] [ 4 ] 
[ 0 ] [ 8 ] [ 16 ] [ 4 ] 
[ 2 ] [ 4 ] [ 32 ] [ 16 ] 
[ 2 ] [ 4 ] [ 16 ] [ 4 ] 
Score: 332
Pick a move (N, S, E, W): W
[ 16 ] [ 8 ] [ 4 ] [ 2 ] 
[ 8 ] [ 16 ] [ 4 ] [ 0 ] 
[ 2 ] [ 4 ] [ 32 ] [ 16 ] 
[ 2 ] [ 4 ] [ 16 ] [ 4 ] 
Score: 332
Pick a move (N, S, E, W): S
[ 0 ] [ 2 ] [ 0 ] [ 0 ] 
[ 16 ] [ 8 ] [ 8 ] [ 2 ] 
[ 8 ] [ 16 ] [ 32 ] [ 16 ] 
[ 4 ] [ 8 ] [ 16 ] [ 4 ] 
Score: 352
Pick a move (N, S, E, W): N
[ 16 ] [ 2 ] [ 8 ] [ 2 ] 
[ 8 ] [ 8 ] [ 32 ] [ 16 ] 
[ 4 ] [ 16 ] [ 16 ] [ 4 ] 
[ 0 ] [ 8 ] [ 0 ] [ 2 ] 
Score: 352
Pick a move (N, S, E, W): N
[ 16 ] [ 2 ] [ 8 ] [ 2 ] 
[ 8 ] [ 8 ] [ 32 ] [ 16 ] 
[ 4 ] [ 16 ] [ 16 ] [ 4 ] 
[ 0 ] [ 8 ] [ 0 ] [ 2 ] 
Score: 352
Pick a move (N, S, E, W): W
[ 16 ] [ 2 ] [ 8 ] [ 2 ] 
[ 16 ] [ 32 ] [ 16 ] [ 0 ] 
[ 4 ] [ 32 ] [ 4 ] [ 0 ] 
[ 8 ] [ 2 ] [ 0 ] [ 2 ] 
Score: 400
Pick a move (N, S, E, W): W
[ 16 ] [ 2 ] [ 8 ] [ 2 ] 
[ 16 ] [ 32 ] [ 16 ] [ 2 ] 
[ 4 ] [ 32 ] [ 4 ] [ 0 ] 
[ 8 ] [ 4 ] [ 0 ] [ 0 ] 
Score: 404
Pick a move (N, S, E, W): N
[ 32 ] [ 2 ] [ 8 ] [ 4 ] 
[ 4 ] [ 64 ] [ 16 ] [ 0 ] 
[ 8 ] [ 4 ] [ 4 ] [ 4 ] 
[ 0 ] [ 0 ] [ 0 ] [ 0 ] 
Score: 504
Pick a move (N, S, E, W): S
[ 0 ] [ 0 ] [ 4 ] [ 0 ] 
[ 32 ] [ 2 ] [ 8 ] [ 0 ] 
[ 4 ] [ 64 ] [ 16 ] [ 0 ] 
[ 8 ] [ 4 ] [ 4 ] [ 8 ] 
Score: 512
Pick a move (N, S, E, W): E
[ 0 ] [ 0 ] [ 0 ] [ 4 ] 
[ 2 ] [ 32 ] [ 2 ] [ 8 ] 
[ 0 ] [ 4 ] [ 64 ] [ 16 ] 
[ 0 ] [ 8 ] [ 8 ] [ 8 ] 
Score: 520
Pick a move (N, S, E, W): E
[ 0 ] [ 0 ] [ 0 ] [ 4 ] 
[ 2 ] [ 32 ] [ 2 ] [ 8 ] 
[ 0 ] [ 4 ] [ 64 ] [ 16 ] 
[ 2 ] [ 0 ] [ 8 ] [ 16 ] 
Score: 536
Pick a move (N, S, E, W): W
[ 4 ] [ 2 ] [ 0 ] [ 0 ] 
[ 2 ] [ 32 ] [ 2 ] [ 8 ] 
[ 4 ] [ 64 ] [ 16 ] [ 0 ] 
[ 2 ] [ 8 ] [ 16 ] [ 0 ] 
Score: 536
Pick a move (N, S, E, W): S
[ 4 ] [ 2 ] [ 0 ] [ 2 ] 
[ 2 ] [ 32 ] [ 0 ] [ 0 ] 
[ 4 ] [ 64 ] [ 2 ] [ 0 ] 
[ 2 ] [ 8 ] [ 32 ] [ 8 ] 
Score: 568
Pick a move (N, S, E, W): N
[ 4 ] [ 2 ] [ 2 ] [ 2 ] 
[ 2 ] [ 32 ] [ 32 ] [ 8 ] 
[ 4 ] [ 64 ] [ 0 ] [ 0 ] 
[ 2 ] [ 8 ] [ 2 ] [ 0 ] 
Score: 568
Pick a move (N, S, E, W): N
[ 4 ] [ 2 ] [ 2 ] [ 2 ] 
[ 2 ] [ 32 ] [ 32 ] [ 8 ] 
[ 4 ] [ 64 ] [ 2 ] [ 2 ] 
[ 2 ] [ 8 ] [ 0 ] [ 0 ] 
Score: 568
Pick a move (N, S, E, W): W
[ 4 ] [ 4 ] [ 2 ] [ 0 ] 
[ 2 ] [ 64 ] [ 8 ] [ 2 ] 
[ 4 ] [ 64 ] [ 4 ] [ 0 ] 
[ 2 ] [ 8 ] [ 0 ] [ 0 ] 
Score: 640
Pick a move (N, S, E, W): W
[ 8 ] [ 2 ] [ 0 ] [ 0 ] 
[ 2 ] [ 64 ] [ 8 ] [ 2 ] 
[ 4 ] [ 64 ] [ 4 ] [ 2 ] 
[ 2 ] [ 8 ] [ 0 ] [ 0 ] 
Score: 648
Pick a move (N, S, E, W): N
[ 8 ] [ 2 ] [ 8 ] [ 4 ] 
[ 2 ] [ 128 ] [ 4 ] [ 0 ] 
[ 4 ] [ 8 ] [ 0 ] [ 0 ] 
[ 2 ] [ 2 ] [ 0 ] [ 0 ] 
Score: 780
Pick a move (N, S, E, W): S
[ 8 ] [ 2 ] [ 0 ] [ 0 ] 
[ 2 ] [ 128 ] [ 0 ] [ 0 ] 
[ 4 ] [ 8 ] [ 8 ] [ 4 ] 
[ 2 ] [ 2 ] [ 4 ] [ 4 ] 
Score: 780
Pick a move (N, S, E, W): E
[ 0 ] [ 0 ] [ 8 ] [ 2 ] 
[ 0 ] [ 0 ] [ 2 ] [ 128 ] 
[ 0 ] [ 4 ] [ 16 ] [ 4 ] 
[ 4 ] [ 0 ] [ 4 ] [ 8 ] 
Score: 808
Pick a move (N, S, E, W): E
[ 0 ] [ 0 ] [ 8 ] [ 2 ] 
[ 0 ] [ 0 ] [ 2 ] [ 128 ] 
[ 0 ] [ 4 ] [ 16 ] [ 4 ] 
[ 0 ] [ 2 ] [ 8 ] [ 8 ] 
Score: 816
Pick a move (N, S, E, W): W
[ 8 ] [ 2 ] [ 2 ] [ 0 ] 
[ 2 ] [ 128 ] [ 0 ] [ 0 ] 
[ 4 ] [ 16 ] [ 4 ] [ 0 ] 
[ 2 ] [ 16 ] [ 0 ] [ 0 ] 
Score: 832
Pick a move (N, S, E, W): S
[ 8 ] [ 0 ] [ 2 ] [ 0 ] 
[ 2 ] [ 2 ] [ 0 ] [ 0 ] 
[ 4 ] [ 128 ] [ 2 ] [ 0 ] 
[ 2 ] [ 32 ] [ 4 ] [ 0 ] 
Score: 864
Pick a move (N, S, E, W): N
[ 8 ] [ 2 ] [ 4 ] [ 0 ] 
[ 2 ] [ 128 ] [ 4 ] [ 0 ] 
[ 4 ] [ 32 ] [ 2 ] [ 0 ] 
[ 2 ] [ 0 ] [ 0 ] [ 0 ] 
Score: 868
Pick a move (N, S, E, W): N
[ 8 ] [ 2 ] [ 8 ] [ 0 ] 
[ 2 ] [ 128 ] [ 2 ] [ 0 ] 
[ 4 ] [ 32 ] [ 0 ] [ 2 ] 
[ 2 ] [ 0 ] [ 0 ] [ 0 ] 
Score: 876
Pick a move (N, S, E, W): W
[ 8 ] [ 2 ] [ 8 ] [ 0 ] 
[ 2 ] [ 128 ] [ 2 ] [ 0 ] 
[ 4 ] [ 32 ] [ 2 ] [ 0 ] 
[ 2 ] [ 0 ] [ 2 ] [ 0 ] 
Score: 876
Pick a move (N, S, E, W): W
[ 8 ] [ 2 ] [ 8 ] [ 0 ] 
[ 2 ] [ 128 ] [ 2 ] [ 0 ] 
[ 4 ] [ 32 ] [ 2 ] [ 0 ] 
[ 4 ] [ 0 ] [ 0 ] [ 2 ] 
Score: 880
Pick a move (N, S, E, W): N
[ 8 ] [ 2 ] [ 8 ] [ 2 ] 
[ 2 ] [ 128 ] [ 4 ] [ 0 ] 
[ 8 ] [ 32 ] [ 0 ] [ 0 ] 
[ 0 ] [ 0 ] [ 0 ] [ 2 ] 
Score: 892
Pick a move (N, S, E, W): S
[ 2 ] [ 0 ] [ 0 ] [ 0 ] 
[ 8 ] [ 2 ] [ 0 ] [ 0 ] 
[ 2 ] [ 128 ] [ 8 ] [ 0 ] 
[ 8 ] [ 32 ] [ 4 ] [ 4 ] 
Score: 896
Pick a move (N, S, E, W): E
[ 0 ] [ 4 ] [ 0 ] [ 2 ] 
[ 0 ] [ 0 ] [ 8 ] [ 2 ] 
[ 0 ] [ 2 ] [ 128 ] [ 8 ] 
[ 0 ] [ 8 ] [ 32 ] [ 8 ] 
Score: 904
Pick a move (N, S, E, W): E
[ 0 ] [ 0 ] [ 4 ] [ 2 ] 
[ 4 ] [ 0 ] [ 8 ] [ 2 ] 
[ 0 ] [ 2 ] [ 128 ] [ 8 ] 
[ 0 ] [ 8 ] [ 32 ] [ 8 ] 
Score: 904
Pick a move (N, S, E, W): W
[ 4 ] [ 2 ] [ 0 ] [ 0 ] 
[ 4 ] [ 8 ] [ 2 ] [ 0 ] 
[ 2 ] [ 128 ] [ 8 ] [ 2 ] 
[ 8 ] [ 32 ] [ 8 ] [ 0 ] 
Score: 904
Pick a move (N, S, E, W): S
[ 0 ] [ 2 ] [ 0 ] [ 0 ] 
[ 8 ] [ 8 ] [ 0 ] [ 2 ] 
[ 2 ] [ 128 ] [ 2 ] [ 0 ] 
[ 8 ] [ 32 ] [ 16 ] [ 2 ] 
Score: 928
Pick a move (N, S, E, W): N
[ 8 ] [ 2 ] [ 2 ] [ 4 ] 
[ 2 ] [ 8 ] [ 16 ] [ 0 ] 
[ 8 ] [ 128 ] [ 0 ] [ 0 ] 
[ 0 ] [ 32 ] [ 0 ] [ 2 ] 
Score: 932
Pick a move (N, S, E, W): N
[ 8 ] [ 2 ] [ 2 ] [ 4 ] 
[ 2 ] [ 8 ] [ 16 ] [ 2 ] 
[ 8 ] [ 128 ] [ 2 ] [ 0 ] 
[ 0 ] [ 32 ] [ 0 ] [ 0 ] 
Score: 932
Pick a move (N, S, E, W): W
[ 8 ] [ 4 ] [ 4 ] [ 0 ] 
[ 2 ] [ 8 ] [ 16 ] [ 2 ] 
[ 8 ] [ 128 ] [ 2 ] [ 2 ] 
[ 32 ] [ 0 ] [ 0 ] [ 0 ] 
Score: 936
Pick a move (N, S, E, W): W
[ 8 ] [ 8 ] [ 0 ] [ 0 ] 
[ 2 ] [ 8 ] [ 16 ] [ 2 ] 
[ 8 ] [ 128 ] [ 4 ] [ 2 ] 
[ 32 ] [ 0 ] [ 0 ] [ 0 ] 
Score: 948
Pick a move (N, S, E, W): N
[ 8 ] [ 16 ] [ 16 ] [ 4 ] 
[ 2 ] [ 128 ] [ 4 ] [ 0 ] 
[ 8 ] [ 0 ] [ 0 ] [ 2 ] 
[ 32 ] [ 0 ] [ 0 ] [ 0 ] 
Score: 968
Pick a move (N, S, E, W): S
[ 8 ] [ 0 ] [ 0 ] [ 0 ] 
[ 2 ] [ 0 ] [ 2 ] [ 0 ] 
[ 8 ] [ 16 ] [ 16 ] [ 4 ] 
[ 32 ] [ 128 ] [ 4 ] [ 2 ] 
Score: 968
Pick a move (N, S, E, W): E
[ 0 ] [ 0 ] [ 0 ] [ 8 ] 
[ 0 ] [ 0 ] [ 2 ] [ 4 ] 
[ 0 ] [ 8 ] [ 32 ] [ 4 ] 
[ 32 ] [ 128 ] [ 4 ] [ 2 ] 
Score: 1004
Pick a move (N, S, E, W): E
[ 0 ] [ 0 ] [ 0 ] [ 8 ] 
[ 0 ] [ 0 ] [ 2 ] [ 4 ] 
[ 0 ] [ 8 ] [ 32 ] [ 4 ] 
[ 32 ] [ 128 ] [ 4 ] [ 2 ] 
Score: 1004
Pick a move (N, S, E, W): W
[ 8 ] [ 4 ] [ 0 ] [ 0 ] 
[ 2 ] [ 4 ] [ 0 ] [ 0 ] 
[ 8 ] [ 32 ] [ 4 ] [ 0 ] 
[ 32 ] [ 128 ] [ 4 ] [ 2 ] 
Score: 1004
Pick a move (N, S, E, W): S
[ 8 ] [ 0 ] [ 4 ] [ 0 ] 
[ 2 ] [ 8 ] [ 0 ] [ 0 ] 
[ 8 ] [ 32 ] [ 0 ] [ 0 ] 
[ 32 ] [ 128 ] [ 8 ] [ 2 ] 
Score: 1020
Pick a move (N, S, E, W): N
[ 8 ] [ 8 ] [ 4 ] [ 2 ] 
[ 2 ] [ 32 ] [ 8 ] [ 0 ] 
[ 8 ] [ 128 ] [ 0 ] [ 2 ] 
[ 32 ] [ 0 ] [ 0 ] [ 0 ] 
Score: 1020
Pick a move (N, S, E, W): N
[ 8 ] [ 8 ] [ 4 ] [ 4 ] 
[ 2 ] [ 32 ] [ 8 ] [ 0 ] 
[ 8 ] [ 128 ] [ 0 ] [ 0 ] 
[ 32 ] [ 2 ] [ 0 ] [ 0 ] 
Score: 1024
Pick a move (N, S, E, W): W
[ 16 ] [ 8 ] [ 0 ] [ 0 ] 
[ 2 ] [ 32 ] [ 8 ] [ 0 ] 
[ 8 ] [ 128 ] [ 0 ] [ 2 ] 
[ 32 ] [ 2 ] [ 0 ] [ 0 ] 
Score: 1048
Pick a move (N, S, E, W): W
[ 16 ] [ 8 ] [ 0 ] [ 0 ] 
[ 2 ] [ 32 ] [ 8 ] [ 0 ] 
[ 8 ] [ 128 ] [ 2 ] [ 0 ] 
[ 32 ] [ 2 ] [ 0 ] [ 2 ] 
Score: 1048
Pick a move (N, S, E, W): N
[ 16 ] [ 8 ] [ 8 ] [ 2 ] 
[ 2 ] [ 32 ] [ 2 ] [ 2 ] 
[ 8 ] [ 128 ] [ 0 ] [ 0 ] 
[ 32 ] [ 2 ] [ 0 ] [ 0 ] 
Score: 1048
Pick a move (N, S, E, W): S
[ 16 ] [ 8 ] [ 0 ] [ 2 ] 
[ 2 ] [ 32 ] [ 0 ] [ 0 ] 
[ 8 ] [ 128 ] [ 8 ] [ 0 ] 
[ 32 ] [ 2 ] [ 2 ] [ 4 ] 
Score: 1052
Pick a move (N, S, E, W): E
[ 0 ] [ 16 ] [ 8 ] [ 2 ] 
[ 0 ] [ 2 ] [ 2 ] [ 32 ] 
[ 0 ] [ 8 ] [ 128 ] [ 8 ] 
[ 0 ] [ 32 ] [ 4 ] [ 4 ] 
Score: 1056
Pick a move (N, S, E, W): E
[ 0 ] [ 16 ] [ 8 ] [ 2 ] 
[ 0 ] [ 0 ] [ 4 ] [ 32 ] 
[ 2 ] [ 8 ] [ 128 ] [ 8 ] 
[ 0 ] [ 0 ] [ 32 ] [ 8 ] 
Score: 1068
Pick a move (N, S, E, W): W
[ 16 ] [ 8 ] [ 2 ] [ 0 ] 
[ 4 ] [ 32 ] [ 0 ] [ 0 ] 
[ 2 ] [ 8 ] [ 128 ] [ 8 ] 
[ 32 ] [ 8 ] [ 0 ] [ 2 ] 
Score: 1068
Pick a move (N, S, E, W): S
[ 16 ] [ 4 ] [ 0 ] [ 0 ] 
[ 4 ] [ 8 ] [ 0 ] [ 0 ] 
[ 2 ] [ 32 ] [ 2 ] [ 8 ] 
[ 32 ] [ 16 ] [ 128 ] [ 2 ] 
Score: 1084
Pick a move (N, S, E, W): N
[ 16 ] [ 4 ] [ 2 ] [ 8 ] 
[ 4 ] [ 8 ] [ 128 ] [ 2 ] 
[ 2 ] [ 32 ] [ 0 ] [ 4 ] 
[ 32 ] [ 16 ] [ 0 ] [ 0 ] 
Score: 1084
Pick a move (N, S, E, W): N
[ 16 ] [ 4 ] [ 2 ] [ 8 ] 
[ 4 ] [ 8 ] [ 128 ] [ 2 ] 
[ 2 ] [ 32 ] [ 0 ] [ 4 ] 
[ 32 ] [ 16 ] [ 0 ] [ 0 ] 
Score: 1084
Pick a move (N, S, E, W): W
[ 16 ] [ 4 ] [ 2 ] [ 8 ] 
[ 4 ] [ 8 ] [ 128 ] [ 2 ] 
[ 2 ] [ 32 ] [ 4 ] [ 0 ] 
[ 32 ] [ 16 ] [ 0 ] [ 2 ] 
Score: 1084
Pick a move (N, S, E, W): W
[ 16 ] [ 4 ] [ 2 ] [ 8 ] 
[ 4 ] [ 8 ] [ 128 ] [ 2 ] 
[ 2 ] [ 32 ] [ 4 ] [ 2 ] 
[ 32 ] [ 16 ] [ 2 ] [ 0 ] 
Score: 1084
Pick a move (N, S, E, W): N
[ 16 ] [ 4 ] [ 2 ] [ 8 ] 
[ 4 ] [ 8 ] [ 128 ] [ 4 ] 
[ 2 ] [ 32 ] [ 4 ] [ 0 ] 
[ 32 ] [ 16 ] [ 2 ] [ 2 ] 
Score: 1088
Pick a move (N, S, E, W): S
[ 16 ] [ 4 ] [ 2 ] [ 2 ] 
[ 4 ] [ 8 ] [ 128 ] [ 8 ] 
[ 2 ] [ 32 ] [ 4 ] [ 4 ] 
[ 32 ] [ 16 ] [ 2 ] [ 2 ] 
Score: 1088
Pick a move (N, S, E, W): E
[ 0 ] [ 16 ] [ 4 ] [ 4 ] 
[ 4 ] [ 8 ] [ 128 ] [ 8 ] 
[ 2 ] [ 2 ] [ 32 ] [ 8 ] 
[ 0 ] [ 32 ] [ 16 ] [ 4 ] 
Score: 1104
Pick a move (N, S, E, W): E
[ 0 ] [ 0 ] [ 16 ] [ 8 ] 
[ 4 ] [ 8 ] [ 128 ] [ 8 ] 
[ 2 ] [ 4 ] [ 32 ] [ 8 ] 
[ 0 ] [ 32 ] [ 16 ] [ 4 ] 
Score: 1116
Pick a move (N, S, E, W): W
[ 16 ] [ 8 ] [ 2 ] [ 0 ] 
[ 4 ] [ 8 ] [ 128 ] [ 8 ] 
[ 2 ] [ 4 ] [ 32 ] [ 8 ] 
[ 32 ] [ 16 ] [ 4 ] [ 0 ] 
Score: 1116
Pick a move (N, S, E, W): S
[ 16 ] [ 0 ] [ 2 ] [ 2 ] 
[ 4 ] [ 16 ] [ 128 ] [ 0 ] 
[ 2 ] [ 4 ] [ 32 ] [ 0 ] 
[ 32 ] [ 16 ] [ 4 ] [ 16 ] 
Score: 1148
Pick a move (N, S, E, W): N
[ 16 ] [ 16 ] [ 2 ] [ 2 ] 
[ 4 ] [ 4 ] [ 128 ] [ 16 ] 
[ 2 ] [ 16 ] [ 32 ] [ 0 ] 
[ 32 ] [ 0 ] [ 4 ] [ 2 ] 
Score: 1148
Pick a move (N, S, E, W): N
[ 16 ] [ 16 ] [ 2 ] [ 2 ] 
[ 4 ] [ 4 ] [ 128 ] [ 16 ] 
[ 2 ] [ 16 ] [ 32 ] [ 2 ] 
[ 32 ] [ 4 ] [ 4 ] [ 0 ] 
Score: 1148
Pick a move (N, S, E, W): W
[ 32 ] [ 4 ] [ 0 ] [ 4 ] 
[ 8 ] [ 128 ] [ 16 ] [ 0 ] 
[ 2 ] [ 16 ] [ 32 ] [ 2 ] 
[ 32 ] [ 8 ] [ 0 ] [ 0 ] 
Score: 1200
Pick a move (N, S, E, W): W
[ 32 ] [ 8 ] [ 0 ] [ 0 ] 
[ 8 ] [ 128 ] [ 16 ] [ 2 ] 
[ 2 ] [ 16 ] [ 32 ] [ 2 ] 
[ 32 ] [ 8 ] [ 0 ] [ 0 ] 
Score: 1208
Pick a move (N, S, E, W): N
[ 32 ] [ 8 ] [ 16 ] [ 4 ] 
[ 8 ] [ 128 ] [ 32 ] [ 0 ] 
[ 2 ] [ 16 ] [ 0 ] [ 0 ] 
[ 32 ] [ 8 ] [ 2 ] [ 0 ] 
Score: 1212
Pick a move (N, S, E, W): S
[ 32 ] [ 8 ] [ 2 ] [ 0 ] 
[ 8 ] [ 128 ] [ 16 ] [ 0 ] 
[ 2 ] [ 16 ] [ 32 ] [ 0 ] 
[ 32 ] [ 8 ] [ 2 ] [ 4 ] 
Score: 1212
Pick a move (N, S, E, W): E
[ 0 ] [ 32 ] [ 8 ] [ 2 ] 
[ 2 ] [ 8 ] [ 128 ] [ 16 ] 
[ 0 ] [ 2 ] [ 16 ] [ 32 ] 
[ 32 ] [ 8 ] [ 2 ] [ 4 ] 
Score: 1212
Pick a move (N, S, E, W): E
[ 0 ] [ 32 ] [ 8 ] [ 2 ] 
[ 2 ] [ 8 ] [ 128 ] [ 16 ] 
[ 0 ] [ 2 ] [ 16 ] [ 32 ] 
[ 32 ] [ 8 ] [ 2 ] [ 4 ] 
Score: 1212
Pick a move (N, S, E, W): W
[ 32 ] [ 8 ] [ 2 ] [ 2 ] 
[ 2 ] [ 8 ] [ 128 ] [ 16 ] 
[ 2 ] [ 16 ] [ 32 ] [ 0 ] 
[ 32 ] [ 8 ] [ 2 ] [ 4 ] 
Score: 1212
Pick a move (N, S, E, W): S
[ 0 ] [ 2 ] [ 2 ] [ 0 ] 
[ 32 ] [ 16 ] [ 128 ] [ 2 ] 
[ 4 ] [ 16 ] [ 32 ] [ 16 ] 
[ 32 ] [ 8 ] [ 2 ] [ 4 ] 
Score: 1232
Pick a move (N, S, E, W): N
[ 32 ] [ 2 ] [ 2 ] [ 2 ] 
[ 4 ] [ 32 ] [ 128 ] [ 16 ] 
[ 32 ] [ 8 ] [ 32 ] [ 4 ] 
[ 0 ] [ 0 ] [ 2 ] [ 2 ] 
Score: 1264
Pick a move (N, S, E, W): N
[ 32 ] [ 2 ] [ 2 ] [ 2 ] 
[ 4 ] [ 32 ] [ 128 ] [ 16 ] 
[ 32 ] [ 8 ] [ 32 ] [ 4 ] 
[ 0 ] [ 0 ] [ 2 ] [ 2 ] 
Score: 1264
Pick a move (N, S, E, W): W
[ 32 ] [ 4 ] [ 2 ] [ 0 ] 
[ 4 ] [ 32 ] [ 128 ] [ 16 ] 
[ 32 ] [ 8 ] [ 32 ] [ 4 ] 
[ 4 ] [ 0 ] [ 0 ] [ 2 ] 
Score: 1272
Pick a move (N, S, E, W): W
[ 32 ] [ 4 ] [ 2 ] [ 2 ] 
[ 4 ] [ 32 ] [ 128 ] [ 16 ] 
[ 32 ] [ 8 ] [ 32 ] [ 4 ] 
[ 4 ] [ 2 ] [ 0 ] [ 0 ] 
Score: 1272
Pick a move (N, S, E, W): N
[ 32 ] [ 4 ] [ 2 ] [ 2 ] 
[ 4 ] [ 32 ] [ 128 ] [ 16 ] 
[ 32 ] [ 8 ] [ 32 ] [ 4 ] 
[ 4 ] [ 2 ] [ 0 ] [ 0 ] 
Score: 1272
Pick a move (N, S, E, W): S
[ 32 ] [ 4 ] [ 0 ] [ 4 ] 
[ 4 ] [ 32 ] [ 2 ] [ 2 ] 
[ 32 ] [ 8 ] [ 128 ] [ 16 ] 
[ 4 ] [ 2 ] [ 32 ] [ 4 ] 
Score: 1272
Pick a move (N, S, E, W): E
[ 0 ] [ 0 ] [ 32 ] [ 8 ] 
[ 4 ] [ 4 ] [ 32 ] [ 4 ] 
[ 32 ] [ 8 ] [ 128 ] [ 16 ] 
[ 4 ] [ 2 ] [ 32 ] [ 4 ] 
Score: 1284
Pick a move (N, S, E, W): E
[ 2 ] [ 0 ] [ 32 ] [ 8 ] 
[ 0 ] [ 8 ] [ 32 ] [ 4 ] 
[ 32 ] [ 8 ] [ 128 ] [ 16 ] 
[ 4 ] [ 2 ] [ 32 ] [ 4 ] 
Score: 1292
Pick a move (N, S, E, W): W
[ 2 ] [ 32 ] [ 8 ] [ 0 ] 
[ 8 ] [ 32 ] [ 4 ] [ 2 ] 
[ 32 ] [ 8 ] [ 128 ] [ 16 ] 
[ 4 ] [ 2 ] [ 32 ] [ 4 ] 
Score: 1292
Pick a move (N, S, E, W): S
[ 2 ] [ 2 ] [ 8 ] [ 0 ] 
[ 8 ] [ 64 ] [ 4 ] [ 2 ] 
[ 32 ] [ 8 ] [ 128 ] [ 16 ] 
[ 4 ] [ 2 ] [ 32 ] [ 4 ] 
Score: 1356
Pick a move (N, S, E, W): N
[ 2 ] [ 2 ] [ 8 ] [ 2 ] 
[ 8 ] [ 64 ] [ 4 ] [ 16 ] 
[ 32 ] [ 8 ] [ 128 ] [ 4 ] 
[ 4 ] [ 2 ] [ 32 ] [ 2 ] 
Score: 1356
Pick a move (N, S, E, W): N
[ 2 ] [ 2 ] [ 8 ] [ 2 ] 
[ 8 ] [ 64 ] [ 4 ] [ 16 ] 
[ 32 ] [ 8 ] [ 128 ] [ 4 ] 
[ 4 ] [ 2 ] [ 32 ] [ 2 ] 
Score: 1356
Pick a move (N, S, E, W): W
[ 4 ] [ 8 ] [ 2 ] [ 2 ] 
[ 8 ] [ 64 ] [ 4 ] [ 16 ] 
[ 32 ] [ 8 ] [ 128 ] [ 4 ] 
[ 4 ] [ 2 ] [ 32 ] [ 2 ] 
Score: 1360
Pick a move (N, S, E, W): W
[ 4 ] [ 8 ] [ 4 ] [ 2 ] 
[ 8 ] [ 64 ] [ 4 ] [ 16 ] 
[ 32 ] [ 8 ] [ 128 ] [ 4 ] 
[ 4 ] [ 2 ] [ 32 ] [ 2 ] 
Score: 1364
Pick a move (N, S, E, W): N
[ 4 ] [ 8 ] [ 8 ] [ 2 ] 
[ 8 ] [ 64 ] [ 128 ] [ 16 ] 
[ 32 ] [ 8 ] [ 32 ] [ 4 ] 
[ 4 ] [ 2 ] [ 2 ] [ 2 ] 
Score: 1372
Pick a move (N, S, E, W): S
[ 4 ] [ 8 ] [ 8 ] [ 2 ] 
[ 8 ] [ 64 ] [ 128 ] [ 16 ] 
[ 32 ] [ 8 ] [ 32 ] [ 4 ] 
[ 4 ] [ 2 ] [ 2 ] [ 2 ] 
Score: 1372
Pick a move (N, S, E, W): E
[ 0 ] [ 4 ] [ 16 ] [ 2 ] 
[ 8 ] [ 64 ] [ 128 ] [ 16 ] 
[ 32 ] [ 8 ] [ 32 ] [ 4 ] 
[ 2 ] [ 4 ] [ 2 ] [ 4 ] 
Score: 1392
Pick a move (N, S, E, W): E
[ 0 ] [ 4 ] [ 16 ] [ 2 ] 
[ 8 ] [ 64 ] [ 128 ] [ 16 ] 
[ 32 ] [ 8 ] [ 32 ] [ 4 ] 
[ 2 ] [ 4 ] [ 2 ] [ 4 ] 
Score: 1392
Pick a move (N, S, E, W): W
[ 4 ] [ 16 ] [ 2 ] [ 2 ] 
[ 8 ] [ 64 ] [ 128 ] [ 16 ] 
[ 32 ] [ 8 ] [ 32 ] [ 4 ] 
[ 2 ] [ 4 ] [ 2 ] [ 4 ] 
Score: 1392
Pick a move (N, S, E, W): S
[ 4 ] [ 16 ] [ 2 ] [ 4 ] 
[ 8 ] [ 64 ] [ 128 ] [ 2 ] 
[ 32 ] [ 8 ] [ 32 ] [ 16 ] 
[ 2 ] [ 4 ] [ 2 ] [ 8 ] 
Score: 1400
True
